[demo.bootstrapious.com/jobs/2-0-1/index.html]
[backblue.gif]
[fade.gif]
[index.html]
[demo.bootstrapious.com/jobs/2-0-1/favicon.png]
[demo.bootstrapious.com/jobs/2-0-1/category.html]
[demo.bootstrapious.com/jobs/2-0-1/about.html]
[demo.bootstrapious.com/jobs/2-0-1/client-register.html]
[demo.bootstrapious.com/jobs/2-0-1/client-dashboard.html]
[demo.bootstrapious.com/jobs/2-0-1/client-applicants.html]
[demo.bootstrapious.com/jobs/2-0-1/client-job.html]
[demo.bootstrapious.com/jobs/2-0-1/detail.html]
[demo.bootstrapious.com/jobs/2-0-1/contact.html]
[demo.bootstrapious.com/jobs/2-0-1/blog.html]
[demo.bootstrapious.com/jobs/2-0-1/post.html]
[demo.bootstrapious.com/jobs/2-0-1/packages.html]
[demo.bootstrapious.com/jobs/2-0-1/testimonials.html]
[demo.bootstrapious.com/jobs/2-0-1/text.html]
[demo.bootstrapious.com/jobs/2-0-1/index.html]
[demo.bootstrapious.com/jobs/2-0-1/category.html]
[demo.bootstrapious.com/jobs/2-0-1/about.html]
[demo.bootstrapious.com/jobs/2-0-1/client-register.html]
[demo.bootstrapious.com/jobs/2-0-1/client-dashboard.html]
[demo.bootstrapious.com/jobs/2-0-1/client-applicants.html]
[demo.bootstrapious.com/jobs/2-0-1/client-job.html]
[demo.bootstrapious.com/jobs/2-0-1/detail.html]
[demo.bootstrapious.com/jobs/2-0-1/contact.html]
[demo.bootstrapious.com/jobs/2-0-1/blog.html]
[demo.bootstrapious.com/jobs/2-0-1/post.html]
[demo.bootstrapious.com/jobs/2-0-1/packages.html]
[demo.bootstrapious.com/jobs/2-0-1/testimonials.html]
[demo.bootstrapious.com/jobs/2-0-1/text.html]
[demo.bootstrapious.com/jobs/2-0-1/faq.html]
[demo.bootstrapious.com/jobs/2-0-1/faq.html]
